
> med-scope-global@1.0.0 build
> node -e "const { execSync } = require('child_process'); if (process.platform === 'win32') { execSync('powershell -ExecutionPolicy Bypass -File ./scripts/build-win.ps1', { stdio: 'inherit' }); } else { execSync('next build', { stdio: 'inherit' }); }"

Staging sources to D:\MedScopeGlobal\.build-tmp\MedScopeBuild-8f9f4702 ...
node.exe : Out-Null
At D:\MedScopeGlobal\.tools\node\npm.ps1:29 char:3
+   & $NODE_EXE $NPM_CLI_JS $args
+   ~~~~~~~~~~~~~~~~~~~~~~~~~~~~~
    + CategoryInfo          : NotSpecified: (Out-Null:String) [], RemoteException
    + FullyQualifiedErrorId : NativeCommandError
 
if : The term 'Out-Null
if' is not recognized as the name of a cmdlet, function, script file, or operable program. Check the spelling of the na
me, or if a path was included, verify that the path is correct and try again.
At D:\MedScopeGlobal\scripts\build-win.ps1:17 char:165
+ ... modules") /E /NFL /NDL /NJH /NJS /nc /ns /np | Out-Null`r`nif ($LASTE ...
+                                                    ~~~~~~~~~~~~~~
    + CategoryInfo          : ObjectNotFound: (Out-Null
if:String) [], ParentContainsErrorRecordException
    + FullyQualifiedErrorId : CommandNotFoundException
 
node:child_process:957
    throw err;
    ^

Error: Command failed: powershell -ExecutionPolicy Bypass -File ./scripts/build-win.ps1
    at genericNodeError (node:internal/errors:983:15)
    at wrappedFn (node:internal/errors:537:14)
    at checkExecSyncError (node:child_process:882:11)
    at execSync (node:child_process:954:15)
    at [eval]:1:84
    at runScriptInThisContext (node:internal/vm:209:10)
    at node:internal/process/execution:449:12
    at [eval]-wrapper:6:24
    at runScriptInContext (node:internal/process/execution:447:60)
    at evalFunction (node:internal/process/execution:87:30) {
  status: 1,
  signal: null,
  output: [ null, null, null ],
  pid: 27952,
  stdout: null,
  stderr: null
}

Node.js v22.16.0
